// Jest Snapshot v1, https://goo.gl/fbAQLP

exports[`Welcome Renders without crashing 1`] = `
<Bullseye>
  <EmptyState
    variant="large"
  >
    <EmptyStateIcon
      icon={[Function]}
    />
    <Title
      headingLevel="h4"
      size="lg"
    >
      Welcome to the Migration Toolkit for Applications
    </Title>
    <EmptyStateBody>
      The Migration Toolkit for Applications helps you assess and perform large-scale application migrations and modernizations. Start by creating a project for your applications.
    </EmptyStateBody>
  </EmptyState>
</Bullseye>
`;
