// Jest Snapshot v1, https://goo.gl/fbAQLP

exports[`Test snapshot 1`] = `
<Fragment>
  <Button
    aria-label="About button"
    id="aboutButton"
    onClick={[Function]}
    variant="plain"
  >
    <HelpIcon
      color="currentColor"
      noVerticalAlign={false}
      size="sm"
    />
  </Button>
  <AboutModal
    appendTo={null}
    backgroundImageSrc=""
    brandImageAlt="Logo"
    brandImageSrc="logo-navbar.svg"
    className=""
    isOpen={false}
    noAboutModalBoxContentContainer={false}
    onClose={[Function]}
    productName=""
    trademark="COPYRIGHT Â© 2020."
  >
    <TextContent>
      <TextList
        component="dl"
      >
        <TextListItem
          component="dt"
        >
          Source code
        </TextListItem>
        <TextListItem
          component="dd"
        >
          <a
            href="https://github.com/carlosthe19916/windup-pathfinder"
          >
            Github
          </a>
        </TextListItem>
      </TextList>
    </TextContent>
  </AboutModal>
</Fragment>
`;
